.next/dev/types/validator.ts(288,31): error TS2344: Type 'typeof import("C:/Users/admin/.gemini/antigravity/scratch/Doctor Appointment/src/app/api/patient/doctors/[id]/route")' does not satisfy the constraint 'RouteHandlerConfig<"/api/patient/doctors/[id]">'.
  Types of property 'GET' are incompatible.
    Type '(request: Request, { params }: { params: { id: string; }; }) => Promise<NextResponse<any>>' is not assignable to type '(request: NextRequest, context: { params: Promise<{ id: string; }>; }) => void | Response | Promise<void | Response>'.
      Types of parameters '__1' and 'context' are incompatible.
        Type '{ params: Promise<{ id: string; }>; }' is not assignable to type '{ params: { id: string; }; }'.
          Types of property 'params' are incompatible.
            Property 'id' is missing in type 'Promise<{ id: string; }>' but required in type '{ id: string; }'.
.next/dev/types/validator.ts(297,31): error TS2344: Type 'typeof import("C:/Users/admin/.gemini/antigravity/scratch/Doctor Appointment/src/app/api/patient/doctors/[id]/slots/route")' does not satisfy the constraint 'RouteHandlerConfig<"/api/patient/doctors/[id]/slots">'.
  Types of property 'GET' are incompatible.
    Type '(request: Request, { params }: { params: { id: string; }; }) => Promise<NextResponse<{ error: string; }> | NextResponse<string[]>>' is not assignable to type '(request: NextRequest, context: { params: Promise<{ id: string; }>; }) => void | Response | Promise<void | Response>'.
      Types of parameters '__1' and 'context' are incompatible.
        Type '{ params: Promise<{ id: string; }>; }' is not assignable to type '{ params: { id: string; }; }'.
          Types of property 'params' are incompatible.
            Property 'id' is missing in type 'Promise<{ id: string; }>' but required in type '{ id: string; }'.
.next/types/validator.ts(288,31): error TS2344: Type 'typeof import("C:/Users/admin/.gemini/antigravity/scratch/Doctor Appointment/src/app/api/patient/doctors/[id]/route")' does not satisfy the constraint 'RouteHandlerConfig<"/api/patient/doctors/[id]">'.
  Types of property 'GET' are incompatible.
    Type '(request: Request, { params }: { params: { id: string; }; }) => Promise<NextResponse<any>>' is not assignable to type '(request: NextRequest, context: { params: Promise<{ id: string; }>; }) => void | Response | Promise<void | Response>'.
      Types of parameters '__1' and 'context' are incompatible.
        Type '{ params: Promise<{ id: string; }>; }' is not assignable to type '{ params: { id: string; }; }'.
          Types of property 'params' are incompatible.
            Property 'id' is missing in type 'Promise<{ id: string; }>' but required in type '{ id: string; }'.
.next/types/validator.ts(297,31): error TS2344: Type 'typeof import("C:/Users/admin/.gemini/antigravity/scratch/Doctor Appointment/src/app/api/patient/doctors/[id]/slots/route")' does not satisfy the constraint 'RouteHandlerConfig<"/api/patient/doctors/[id]/slots">'.
  Types of property 'GET' are incompatible.
    Type '(request: Request, { params }: { params: { id: string; }; }) => Promise<NextResponse<{ error: string; }> | NextResponse<string[]>>' is not assignable to type '(request: NextRequest, context: { params: Promise<{ id: string; }>; }) => void | Response | Promise<void | Response>'.
      Types of parameters '__1' and 'context' are incompatible.
        Type '{ params: Promise<{ id: string; }>; }' is not assignable to type '{ params: { id: string; }; }'.
          Types of property 'params' are incompatible.
            Property 'id' is missing in type 'Promise<{ id: string; }>' but required in type '{ id: string; }'.
src/middleware.ts(24,92): error TS2345: Argument of type '[string, string, Partial<SerializeOptions>]' is not assignable to parameter of type '[key: string, value: string] | [options: RequestCookie]'.
  Type '[string, string, Partial<SerializeOptions>]' is not assignable to type '[key: string, value: string]'.
    Source has 3 element(s) but target allows only 2.
